13:42:11: Initializing constrained LDA model
13:42:11: Doc_word_df [[1. 0. 1. 0.]
 [1. 0. 0. 1.]
 [0. 1. 1. 0.]]
13:42:11: Lambda [[0.88532683 0.99948866 1.10472261 1.14864544]
 [0.9080621  1.01855616 1.01769576 0.93925286]
 [1.00011167 0.96149743 1.00808882 0.89532669]]
13:42:11: Elogbeta [[-2.07807894 -1.87264943 -1.71159904 -1.65074318]
 [-1.9620471  -1.76961576 -1.77099445 -1.90435084]
 [-1.79409252 -1.85945652 -1.78104871 -1.98100725]]
13:42:11: expElogbeta [[0.12517044 0.15371586 0.18057681 0.19190723]
 [0.14057037 0.17039845 0.17016368 0.14891928]
 [0.16627828 0.15575726 0.16846139 0.13793024]]
13:42:11: Iteration 0
13:42:11: Document 0
13:42:11: Initial gamma 0 [1.04843791 1.09043201 1.07313167]
13:42:11: 0 Gamma 0 [0.71626761 0.77212037 0.81161202]
13:42:11: 0 deltaGamma 0 0.30400052894129537
13:42:11: 1 Gamma 0 [0.65717045 0.75871317 0.88411638]
13:42:11: 1 deltaGamma 0 0.04833623869014555
13:42:11: 2 Gamma 0 [0.56463669 0.7312787  1.00408461]
13:42:11: 2 deltaGamma 0 0.07997881803518543
13:42:11: 3 Gamma 0 [0.42798635 0.67584975 1.1961639 ]
13:42:11: 3 deltaGamma 0 0.12805286280595607
13:42:11: 4 Gamma 0 [0.25637468 0.56926889 1.47435643]
13:42:11: 4 deltaGamma 0 0.1854616822243854
13:42:11: 5 Gamma 0 [0.12454954 0.393484   1.78196646]
13:42:11: 5 deltaGamma 0 0.20507335615886343
13:42:11: 6 Gamma 0 [0.10029168 0.19884712 2.00086121]
13:42:11: 6 deltaGamma 0 0.14592983127102174
13:42:11: 7 Gamma 0 [0.10003646 0.10593025 2.09403329]
13:42:11: 7 deltaGamma 0 0.0621147221679925
13:42:11: 8 Gamma 0 [0.10003362 0.10006013 2.09990625]
13:42:11: 8 deltaGamma 0 0.003915308696570599
13:42:11: 9 Gamma 0 [0.10003349 0.10003415 2.09993236]
13:42:11: 9 deltaGamma 0 1.740511170008711e-05
13:42:11: Document 1
13:42:11: Initial gamma 1 [1.03100192 0.87415382 0.97114758]
13:42:11: 0 Gamma 1 [0.8740848  0.64074753 0.78516768]
13:42:11: 0 deltaGamma 1 0.19210110456626303
13:42:11: 1 Gamma 1 [0.963375  0.5403329 0.7962921]
13:42:11: 1 deltaGamma 1 0.06694308567821201
13:42:11: 2 Gamma 1 [1.09996062 0.39678042 0.80325896]
13:42:11: 2 deltaGamma 1 0.09570165372562256
13:42:11: 3 Gamma 1 [1.28588129 0.22695053 0.78716818]
13:42:11: 3 deltaGamma 1 0.12394711346436708
13:42:11: 4 Gamma 1 [1.47605885 0.11460757 0.70933358]
13:42:11: 4 deltaGamma 1 0.1267850379445122
13:42:11: 5 Gamma 1 [1.63885498 0.10015441 0.56099061]
13:42:11: 5 deltaGamma 1 0.10853075208229616
13:42:11: 6 Gamma 1 [1.82550794 0.10004187 0.37445019]
13:42:11: 6 deltaGamma 1 0.12443530828958362
13:42:11: 7 Gamma 1 [2.00890993 0.10003983 0.19105024]
13:42:11: 7 deltaGamma 1 0.12226799302832875
13:42:11: 8 Gamma 1 [2.09471365 0.10003681 0.10524954]
13:42:11: 8 deltaGamma 1 0.057202478679360534
13:42:11: 9 Gamma 1 [2.0999027  0.10003498 0.10006232]
13:42:11: 9 deltaGamma 1 0.0034593707337289606
13:42:11: Document 2
13:42:11: Initial gamma 2 [1.00818513 0.98407272 1.06843461]
13:42:11: 0 Gamma 2 [0.75591586 0.74416696 0.79991718]
13:42:11: 0 deltaGamma 2 0.25356415362638457
13:42:11: 1 Gamma 2 [0.75109303 0.7458691  0.80303786]
13:42:11: 1 deltaGamma 2 0.0032152160269241317
13:42:11: 2 Gamma 2 [0.74322207 0.74869243 0.80808551]
13:42:11: 2 deltaGamma 2 0.005247309345359663
13:42:11: 3 Gamma 2 [0.73039572 0.75336212 0.81624216]
13:42:11: 3 deltaGamma 2 0.008550898033956478
13:42:11: 4 Gamma 2 [0.70955157 0.7610497  0.82939873]
13:42:11: 4 deltaGamma 2 0.013896100329197969
13:42:11: 5 Gamma 2 [0.67585465 0.77360376 0.85054159]
13:42:11: 5 deltaGamma 2 0.02246461114455811
13:42:11: 6 Gamma 2 [0.62195287 0.79379986 0.88424727]
13:42:11: 6 deltaGamma 2 0.03593452269116907
13:42:11: 7 Gamma 2 [0.53769465 0.82531408 0.93699127]
13:42:11: 7 deltaGamma 2 0.0561721441861166
13:42:11: 8 Gamma 2 [0.41306179 0.87116356 1.01577465]
13:42:11: 8 deltaGamma 2 0.08308857689994598
13:42:11: 9 Gamma 2 [0.25431727 0.92631472 1.11936801]
13:42:11: 9 deltaGamma 2 0.10582968142297337
13:42:11: Sufficient Stats [[9.99968749e-01 1.26075403e-02 1.41754434e-02 9.99972525e-01]
 [3.61319040e-05 4.39793880e-01 4.19787440e-01 1.42447732e-05]
 [9.99995119e-01 5.47598580e-01 1.56603712e+00 1.32302343e-05]]
13:42:11: Normalized Gamma [[0.04349282 0.04349311 0.91301407]
 [0.91300118 0.04349347 0.04350536]
 [0.11057272 0.40274553 0.48668174]]
13:42:11: Lambda before maximization [[0.88532683 0.99948866 1.10472261 1.14864544]
 [0.9080621  1.01855616 1.01769576 0.93925286]
 [1.00011167 0.96149743 1.00808882 0.89532669]]
13:42:11: Lambda after maximization [[0.67282764 0.01944571 0.02279218 0.87294687]
 [0.00910523 0.34615163 0.33058888 0.00940256]
 [0.76008121 0.40450095 1.19410927 0.00896215]]
13:42:11: Lambda after scaling [[ 34.60031783   1.           1.17209294  44.89149573]
 [  1.          38.01679818  36.30758774   1.03265538]
 [ 84.81013294  45.13435996 133.23913865   1.        ]]
13:42:11: Elogbeta [[-0.86713444 -4.97369264 -4.7214732  -0.60340792]
 [-4.90607344 -0.70403939 -0.75066546 -4.85360279]
 [-1.1402427  -1.77622574 -0.68636241 -6.15196628]]
13:42:11: expElogbeta [[0.4201538  0.00691756 0.00890205 0.54694452]
 [0.00740149 0.49458345 0.47205231 0.00780022]
 [0.31974141 0.16927583 0.50340392 0.00212929]]
13:42:11: E[log p(theta | alpha) - log q(theta | gamma)] = -20.799136617780174
13:42:11: E[log p(beta | eta) - log q (beta | lambda)] = -39.16700106598546
13:42:11: Logl: -59.96613768376564
13:42:11: Iteration 1
13:42:11: Document 0
13:42:11: Initial gamma 0 [1.02558146 1.04546464 0.84643034]
13:42:11: 0 Gamma 0 [0.74852836 0.67855023 0.87292141]
13:42:11: 0 deltaGamma 0 0.22348619140657308
13:42:11: 1 Gamma 0 [0.60270463 0.47265093 1.22464444]
13:42:11: 1 deltaGamma 0 0.23448202449095715
13:42:11: 2 Gamma 0 [0.37262696 0.23095724 1.6964158 ]
13:42:11: 2 deltaGamma 0 0.31451423470444473
13:42:11: 3 Gamma 0 [0.16349594 0.10793934 2.02856472]
13:42:11: 3 deltaGamma 0 0.22143261313564233
13:42:11: 4 Gamma 0 [0.10134877 0.10003877 2.09861246]
13:42:11: 4 deltaGamma 0 0.046698495231618314
13:42:11: 5 Gamma 0 [0.1000279  0.10001766 2.09995444]
13:42:11: 5 deltaGamma 0 0.0008946526370780203
13:42:11: Document 1
13:42:11: Initial gamma 1 [1.33987649 0.96968982 1.05242343]
13:42:11: 0 Gamma 1 [1.73955901 0.11545489 0.4449861 ]
13:42:11: 0 deltaGamma 1 0.6204515954271251
13:42:11: 1 Gamma 1 [2.04104739 0.10000281 0.1589498 ]
13:42:11: 1 deltaGamma 1 0.2009922536260156
13:42:11: 2 Gamma 1 [2.09935758 0.1000006  0.10064182]
13:42:11: 2 deltaGamma 1 0.03887345769529242
13:42:11: 3 Gamma 1 [2.09998449 0.10000058 0.10001493]
13:42:11: 3 deltaGamma 1 0.00041793731601401374
13:42:11: Document 2
13:42:11: Initial gamma 2 [1.02314206 0.97102832 1.09970961]
13:42:11: 0 Gamma 2 [0.11947014 1.2273905  0.95313936]
13:42:11: 0 deltaGamma 2 0.4355347856065998
13:42:11: 1 Gamma 2 [0.1000045  1.49739376 0.70260174]
13:42:11: 1 deltaGamma 2 0.1800021724810836
13:42:11: 2 Gamma 2 [0.10000078 1.77581294 0.42418628]
13:42:11: 2 deltaGamma 2 0.18561278428445072
13:42:11: 3 Gamma 2 [0.10000071 2.00731951 0.19267978]
13:42:11: 3 deltaGamma 2 0.15433771639218338
13:42:11: 4 Gamma 2 [0.10000064 2.09621    0.10378936]
13:42:11: 4 deltaGamma 2 0.059260328283671504
13:42:11: 5 Gamma 2 [0.1000006  2.09996199 0.10003741]
13:42:11: 5 deltaGamma 2 0.002501324278405881
13:42:11: 6 Gamma 2 [0.1000006  2.09997353 0.10002586]
13:42:11: 6 deltaGamma 2 7.696184687072671e-06
13:42:11: Sufficient Stats [[1.00000984e+00 2.55850209e-07 6.69334698e-07 9.99999668e-01]
 [7.46409610e-07 9.99993467e-01 9.99997281e-01 2.60876810e-07]
 [9.99989413e-01 6.27683374e-06 1.00000205e+00 7.13173748e-08]]
13:42:11: Normalized Gamma [[0.04349039 0.04348594 0.91302367]
 [0.91303673 0.04347851 0.04348475]
 [0.04347852 0.91303197 0.04348951]]
13:42:11: Lambda before maximization [[ 34.60031783   1.           1.17209294  44.89149573]
 [  1.          38.01679818  36.30758774   1.03265538]
 [ 84.81013294  45.13435996 133.23913865   1.        ]]
13:42:11: Lambda after maximization [[2.62964969e+01 1.00001919e-02 1.17215178e-02 3.41175256e+01]
 [1.00005598e-02 2.88925804e+01 2.75936926e+01 1.03267558e-02]
 [6.44550276e+01 4.51556075e-01 1.01261950e+02 1.00000535e-02]]
13:42:11: Lambda after scaling [[2.62959923e+03 1.00000000e+00 1.17212929e+00 3.41168709e+03]
 [1.00000000e+00 2.88909630e+03 2.75921480e+03 1.03261777e+00]
 [6.44546829e+03 4.51553660e+01 1.01261409e+04 1.00000000e+00]]
13:42:11: Elogbeta [[ -0.83225241  -9.28386465  -9.0315976   -0.57183335]
 [ -9.21659883  -0.67085721  -0.71686296  -9.16418721]
 [ -0.94714247  -5.91920209  -0.49537128 -10.29541313]]
13:42:11: expElogbeta [[4.35068231e-01 9.29113591e-05 1.19571313e-04 5.64489583e-01]
 [9.93761086e-05 5.11270126e-01 4.88281614e-01 1.04723479e-04]
 [3.87847728e-01 2.68734357e-03 6.09344628e-01 3.37877202e-05]]
13:42:11: E[log p(theta | alpha) - log q(theta | gamma)] = -28.361060335127288
13:42:11: E[log p(beta | eta) - log q (beta | lambda)] = -46.050232101173606
13:42:11: Logl: -74.4112924363009
13:42:11: Iteration 2
13:42:11: Document 0
13:42:11: Initial gamma 0 [1.27093184 0.98750348 1.08500292]
13:42:11: 0 Gamma 0 [0.68857223 0.50760714 1.10382063]
13:42:11: 0 deltaGamma 0 0.3603578865169465
13:42:11: 1 Gamma 0 [0.42752888 0.25065966 1.62181146]
13:42:11: 1 deltaGamma 0 0.34532722192397713
13:42:11: 2 Gamma 0 [0.18301556 0.11013121 2.00685322]
13:42:11: 2 deltaGamma 0 0.25669450883040273
13:42:11: 3 Gamma 0 [0.10226723 0.10003956 2.09769321]
13:42:11: 3 deltaGamma 0 0.060559993984344744
13:42:11: 4 Gamma 0 [0.10002573 0.10001474 2.09995953]
13:42:11: 4 deltaGamma 0 0.0015108734976430986
13:42:11: 5 Gamma 0 [0.10002058 0.10001468 2.09996474]
13:42:11: 5 deltaGamma 0 3.4770076063385855e-06
13:42:11: Document 1
13:42:11: Initial gamma 1 [0.94505078 0.98550663 0.93925125]
13:42:11: 0 Gamma 1 [1.63095791 0.10032909 0.568713  ]
13:42:11: 0 deltaGamma 1 0.6472076404745687
13:42:11: 1 Gamma 1 [1.97287366 0.10000001 0.22712633]
13:42:11: 1 deltaGamma 1 0.22794383053185632
13:42:11: 2 Gamma 1 [2.09439229 0.10000001 0.1056077 ]
13:42:11: 2 deltaGamma 1 0.08101242313853889
13:42:11: 3 Gamma 1 [2.09997194 0.10000001 0.10002805]
13:42:11: 3 deltaGamma 1 0.0037197665366376226
13:42:11: 4 Gamma 1 [2.09998364 0.10000001 0.10001635]
13:42:11: 4 deltaGamma 1 7.797508021360292e-06
13:42:11: Document 2
13:42:11: Initial gamma 2 [1.00473758 0.93905401 0.95443276]
13:42:11: 0 Gamma 2 [0.10032235 1.53246449 0.66721316]
13:42:11: 0 deltaGamma 2 0.5950151057074793
13:42:11: 1 Gamma 2 [0.10000001 1.86028455 0.33971544]
13:42:11: 1 deltaGamma 2 0.21854670424021005
13:42:11: 2 Gamma 2 [0.10000001 2.05973386 0.14026613]
13:42:11: 2 deltaGamma 2 0.13296620696667924
13:42:11: 3 Gamma 2 [0.10000001 2.09956149 0.1004385 ]
13:42:11: 3 deltaGamma 2 0.026551755168740258
13:42:11: 4 Gamma 2 [0.10000001 2.09997603 0.10002397]
13:42:11: 4 deltaGamma 2 0.00027635536223207896
13:42:11: Sufficient Stats [[1.00000422e+00 3.32404604e-09 8.07593806e-09 9.99999996e-01]
 [8.87160009e-09 9.99999900e-01 9.99991793e-01 3.39339792e-09]
 [9.99995767e-01 9.63777035e-08 1.00000820e+00 1.09665385e-09]]
13:42:11: Normalized Gamma [[0.04348721 0.04348465 0.91302815]
 [0.91303636 0.04347826 0.04348537]
 [0.04347826 0.91303305 0.04348868]]
13:42:11: Lambda before maximization [[2.62959923e+03 1.00000000e+00 1.17212929e+00 3.41168709e+03]
 [1.00000000e+00 2.88909630e+03 2.75921480e+03 1.03261777e+00]
 [6.44546829e+03 4.51553660e+01 1.01261409e+04 1.00000000e+00]]
13:42:11: Lambda after maximization [[1.99850375e+03 1.00000025e-02 1.17213000e-02 2.59288218e+03]
 [1.00000067e-02 2.19571297e+03 2.09698626e+03 1.03261804e-02]
 [4.89853544e+03 4.51556924e-01 7.69592932e+03 1.00000008e-02]]
13:42:11: Lambda after scaling [[1.99850325e+05 1.00000000e+00 1.17212971e+00 2.59288153e+05]
 [1.00000000e+00 2.19571151e+05 2.09698487e+05 1.03261735e+00]
 [4.89853503e+05 4.51556887e+01 7.69592869e+05 1.00000000e+00]]
13:42:11: Elogbeta [[ -0.83178929 -13.61432645 -13.36205885  -0.57141743]
 [-13.54705976  -0.67041476  -0.71642048 -13.49464881]
 [ -0.94435841 -10.24721645  -0.49260278 -14.62343471]]
13:42:11: expElogbeta [[4.35269764e-01 1.22284989e-06 1.57373489e-06 5.64724416e-01]
 [1.30793662e-06 5.11496383e-01 4.88497717e-01 1.37831501e-06]
 [3.88929023e-01 3.54560574e-05 6.11033934e-01 4.45782483e-07]]
13:42:11: E[log p(theta | alpha) - log q(theta | gamma)] = -37.015569141214826
13:42:11: E[log p(beta | eta) - log q (beta | lambda)] = -52.80797029286623
13:42:11: Logl: -89.82353943408106
13:42:11: Iteration 3
13:42:11: Document 0
13:42:11: Initial gamma 0 [0.97817533 1.05738709 1.00458681]
13:42:11: 0 Gamma 0 [0.61713497 0.56488299 1.11798204]
13:42:11: 0 deltaGamma 0 0.32231323153267105
13:42:11: 1 Gamma 0 [0.37510239 0.28237269 1.64252492]
13:42:11: 1 deltaGamma 0 0.3496952572854497
13:42:11: 2 Gamma 0 [0.15718805 0.11603943 2.02677252]
13:42:11: 2 deltaGamma 0 0.25616506575486225
13:42:11: 3 Gamma 0 [0.10088076 0.10006236 2.09905687]
13:42:11: 3 deltaGamma 0 0.048189567477162853
13:42:11: 4 Gamma 0 [0.10002238 0.10001472 2.0999629 ]
13:42:11: 4 deltaGamma 0 0.0006040155140689349
13:42:11: Document 1
13:42:11: Initial gamma 1 [0.92991817 1.14904027 1.08643557]
13:42:11: 0 Gamma 1 [1.56434029 0.10000541 0.6356543 ]
13:42:11: 0 deltaGamma 1 0.7114127499048571
13:42:11: 1 Gamma 1 [1.93541684 0.1        0.26458316]
13:42:11: 1 deltaGamma 1 0.24738436695648572
13:42:11: 2 Gamma 1 [2.08882124 0.1        0.11117876]
13:42:11: 2 deltaGamma 1 0.10226959490433307
13:42:11: 3 Gamma 1 [2.0999543 0.1       0.1000457]
13:42:11: 3 deltaGamma 1 0.007422046253916269
13:42:11: 4 Gamma 1 [2.09998358 0.1        0.10001642]
13:42:11: 4 deltaGamma 1 1.9516931056354214e-05
13:42:11: Document 2
13:42:11: Initial gamma 2 [0.95357223 1.04480034 0.96629945]
13:42:11: 0 Gamma 2 [0.10000338 1.57605448 0.62394214]
13:42:11: 0 deltaGamma 2 0.5757267692837771
13:42:11: 1 Gamma 2 [0.1        1.89211034 0.30788966]
13:42:11: 1 deltaGamma 2 0.210703907368171
13:42:11: 2 Gamma 2 [0.1        2.07166908 0.12833092]
13:42:11: 2 deltaGamma 2 0.11970582582302745
13:42:11: 3 Gamma 2 [0.1        2.09977971 0.10022029]
13:42:11: 3 deltaGamma 2 0.018740421173099018
13:42:11: 4 Gamma 2 [0.1       2.0999766 0.1000234]
13:42:11: 4 deltaGamma 2 0.00013125879518197567
13:42:11: Sufficient Stats [[1.00000415e+00 4.37299287e-11 1.06142921e-10 1.00000000e+00]
 [1.16566458e-10 9.99999999e-01 9.99991711e-01 4.46435034e-11]
 [9.99995854e-01 1.27094453e-09 1.00000829e+00 1.44629202e-11]]
13:42:11: Normalized Gamma [[0.04348799 0.04348466 0.91302735]
 [0.91303634 0.04347826 0.0434854 ]
 [0.04347826 0.9130333  0.04348843]]
13:42:11: Lambda before maximization [[1.99850325e+05 1.00000000e+00 1.17212971e+00 2.59288153e+05]
 [1.00000000e+00 2.19571151e+05 2.09698487e+05 1.03261735e+00]
 [4.89853503e+05 4.51556887e+01 7.69592869e+05 1.00000000e+00]]
13:42:11: Lambda after maximization [[1.51886868e+05 1.00000000e-02 1.17212972e-02 1.97058996e+05]
 [1.00000001e-02 1.66874075e+05 1.59369547e+05 1.03261735e-02]
 [3.72287139e+05 4.51556930e-01 5.84895364e+05 1.00000000e-02]]
13:42:11: Lambda after scaling [[1.51886868e+07 1.00000000e+00 1.17212972e+00 1.97058996e+07]
 [1.00000000e+00 1.66874073e+07 1.59369545e+07 1.03261734e+00]
 [3.72287139e+07 4.51556929e+01 5.84895364e+07 1.00000000e+00]]
13:42:11: Elogbeta [[ -0.83178092 -17.94505797 -17.69279037  -0.57141371]
 [-17.87778557  -0.670405    -0.71641879 -17.82537463]
 [ -0.94432913 -14.57791732  -0.4925616  -18.95413568]]
13:42:11: expElogbeta [[4.35273409e-01 1.60901594e-08 2.07070758e-08 5.64726514e-01]
 [1.72098219e-08 5.11501378e-01 4.88498544e-01 1.81358602e-08]
 [3.88940411e-01 4.66542216e-07 6.11059101e-01 5.86574884e-09]]
13:42:11: E[log p(theta | alpha) - log q(theta | gamma)] = -45.66892973241377
13:42:11: E[log p(beta | eta) - log q (beta | lambda)] = -59.563937187194824
13:42:11: Logl: -105.2328669196086
13:42:11: Iteration 4
13:42:11: Document 0
13:42:11: Initial gamma 0 [0.88318323 1.07418448 1.04227625]
13:42:11: 0 Gamma 0 [0.55873746 0.5562365  1.18502605]
13:42:11: 0 deltaGamma 0 0.32838118342463707
13:42:11: 1 Gamma 0 [0.31772017 0.2644232  1.71785664]
13:42:11: 1 deltaGamma 0 0.35522039564999136
13:42:11: 2 Gamma 0 [0.13208455 0.11167443 2.05624102]
13:42:11: 2 deltaGamma 0 0.22558958817561878
13:42:11: 3 Gamma 0 [0.10024958 0.10004344 2.09970698]
13:42:11: 3 deltaGamma 0 0.02897730599216121
13:42:11: 4 Gamma 0 [0.100021   0.10001469 2.09996431]
13:42:11: 4 deltaGamma 0 0.00017155516641321109
13:42:11: Document 1
13:42:11: Initial gamma 1 [1.0722644  1.0389681  1.02536337]
13:42:11: 0 Gamma 1 [1.64600895 0.10000005 0.553991  ]
13:42:11: 0 deltaGamma 1 0.661361653580009
13:42:11: 1 Gamma 1 [1.98044584 0.1        0.21955416]
13:42:11: 1 deltaGamma 1 0.22295792684437207
13:42:11: 2 Gamma 1 [2.09523587 0.1        0.10476413]
13:42:11: 2 deltaGamma 1 0.07652668748925644
13:42:11: 3 Gamma 1 [2.09997399 0.1        0.10002601]
13:42:11: 3 deltaGamma 1 0.003158751738290097
13:42:11: 4 Gamma 1 [2.09998361 0.1        0.10001639]
13:42:11: 4 deltaGamma 1 6.411918561127772e-06
13:42:11: Document 2
13:42:11: Initial gamma 2 [0.83884291 0.88019785 0.94604976]
13:42:11: 0 Gamma 2 [0.10000004 1.51390113 0.68609883]
13:42:11: 0 deltaGamma 2 0.5441656912697616
13:42:11: 1 Gamma 2 [0.1        1.84755237 0.35244763]
13:42:11: 1 deltaGamma 2 0.2224341643953666
13:42:11: 2 Gamma 2 [0.1        2.05453122 0.14546878]
13:42:11: 2 deltaGamma 2 0.13798589596317057
13:42:11: 3 Gamma 2 [0.1        2.09942941 0.10057059]
13:42:11: 3 deltaGamma 2 0.02993213111888922
13:42:11: 4 Gamma 2 [0.1        2.09997576 0.10002424]
13:42:11: 4 deltaGamma 2 0.00036422843133271376
13:42:11: Sufficient Stats [[1.00000414e+00 5.75389515e-13 1.39650585e-12 1.00000000e+00]
 [1.53374738e-12 1.00000000e+00 9.99991708e-01 5.87416736e-13]
 [9.99995857e-01 1.67247743e-11 1.00000829e+00 1.90306401e-13]]
13:42:11: Normalized Gamma [[0.04348739 0.04348465 0.91302796]
 [0.91303635 0.04347826 0.04348539]
 [0.04347826 0.91303294 0.0434888 ]]
13:42:11: Lambda before maximization [[1.51886868e+07 1.00000000e+00 1.17212972e+00 1.97058996e+07]
 [1.00000000e+00 1.66874073e+07 1.59369545e+07 1.03261734e+00]
 [3.72287139e+07 4.51556929e+01 5.84895364e+07 1.00000000e+00]]
13:42:11: Lambda after maximization [[1.15434491e+07 1.00000000e-02 1.17212972e-02 1.49764837e+07]
 [1.00000000e-02 1.26824296e+07 1.21119863e+07 1.03261734e-02]
 [2.82937069e+07 4.51556930e-01 4.44524114e+07 1.00000000e-02]]
13:42:11: Lambda after scaling [[1.15434491e+09 1.00000000e+00 1.17212972e+00 1.49764837e+09]
 [1.00000000e+00 1.26824296e+09 1.21119863e+09 1.03261734e+00]
 [2.82937069e+09 4.51556930e+01 4.44524114e+09 1.00000000e+00]]
13:42:11: Elogbeta [[ -0.83177853 -22.27579304 -22.02352544  -0.57141542]
 [-22.20851487  -0.67040093  -0.7164229  -22.15610393]
 [ -0.94433615 -18.9086536   -0.49255634 -23.28487196]]
13:42:11: expElogbeta [[4.35274449e-01 2.11712257e-10 2.72461052e-10 5.64725550e-01]
 [2.26445941e-10 5.11503462e-01 4.88496537e-01 2.38630705e-10]
 [3.88937683e-01 6.13869534e-09 6.11062310e-01 7.71806790e-11]]
13:42:11: E[log p(theta | alpha) - log q(theta | gamma)] = -53.7990632039637
13:42:11: E[log p(beta | eta) - log q (beta | lambda)] = -66.31991577148438
13:42:11: Logl: -120.11897897544807
13:42:11: Finished inferring strains and composition, printing results
